target region start position:	10
target region length:	87
Bisulfite conversion rate threshold:	0.9
Sequence identity threshold:	0.9
Critival value:	0.01
Methylation pattern threshold:	0.2
Memu pattern threshold:	0.2
SNP threshold:	0.1
Sequences covers whole target region:	788
Sequences passed quality filtering:	766
Methylation level in target region:
CpG_position	Methyl_Level
31	0.08900523560209424
84	0.5673202614379085
93	0.42292490118577075
mismatch stat:
index	ref	A	C	G	T	N	total	coverage
1	T	0	0	0	0	0	0	766
2	C	0	0	0	0	0	0	766
3	T	0	0	0	0	0	0	766
4	C	0	0	0	0	0	0	766
5	T	0	0	0	0	0	0	766
6	A	0	0	0	0	0	0	766
7	A	0	0	0	0	0	0	766
8	T	0	0	0	0	0	0	766
9	G	0	0	0	0	0	0	766
10	A	0	0	0	0	0	0	766
11	G	0	0	0	0	0	0	766
12	G	0	0	0	0	0	0	766
13	G	0	0	0	0	0	0	766
14	A	0	0	0	0	0	0	766
15	G	0	0	0	0	0	0	766
16	G	0	0	0	0	0	0	766
17	A	0	0	0	0	0	0	766
18	G	0	0	0	0	0	0	766
19	G	0	0	0	0	0	0	766
20	C	0	0	0	0	0	0	766
21	C	0	0	0	0	0	0	766
22	C	2	0	0	0	0	2	766
23	G	0	0	0	0	0	0	766
24	A	0	0	4	0	0	4	766
25	G	0	0	0	0	0	0	766
26	G	1	0	0	0	0	1	766
27	A	0	0	6	2	0	8	766
28	T	0	2	1	0	0	3	766
29	G	0	0	0	0	0	0	766
30	G	1	0	0	0	0	1	766
31	C	0	0	2	0	0	2	766
32	T	0	2	0	0	0	2	766
33	G	0	0	0	0	0	0	766
34	G	0	0	0	0	0	0	766
35	G	0	0	0	0	0	0	766
36	T	4	4	7	0	0	15	766
37	T	1	2	0	0	0	3	766
38	T	0	3	0	0	0	3	766
39	G	1	0	0	0	0	1	766
40	A	0	0	2	1	0	3	766
41	T	0	5	0	0	0	5	766
42	T	0	4	0	0	0	4	766
43	T	0	1	0	0	0	1	766
44	A	0	0	2	0	0	2	766
45	T	0	3	0	0	0	3	766
46	G	0	0	0	0	0	0	766
47	A	0	0	5	3	0	8	766
48	C	0	0	0	0	0	0	766
49	T	0	2	0	0	0	2	766
50	G	2	0	0	0	0	2	766
51	G	0	0	0	0	0	0	766
52	A	0	0	8	3	0	11	766
53	G	0	0	0	0	0	0	766
54	G	0	0	0	0	0	0	766
55	A	0	1	5	2	0	8	766
56	G	0	2	0	3	0	5	766
57	A	0	6	10	2	7	25	766
58	A	0	1	1	4	0	6	766
59	G	0	1	0	0	0	1	766
60	G	0	0	0	0	0	0	766
61	T	5	6	9	0	5	25	766
62	C	1	0	0	0	0	1	766
63	C	0	0	0	0	0	0	766
64	A	0	0	2	0	0	2	766
65	C	2	0	0	0	9	11	766
66	T	0	0	0	0	0	0	766
67	T	1	5	3	0	3	12	766
68	C	0	0	0	0	0	0	766
69	C	0	0	0	0	0	0	766
70	C	0	0	0	0	0	0	766
71	A	0	0	0	1	0	1	766
72	C	0	0	0	0	0	0	766
73	T	0	3	0	0	0	3	766
74	G	5	2	0	0	0	7	766
75	C	1	0	0	0	0	1	766
76	G	0	0	0	0	0	0	766
77	A	0	1	5	0	0	6	766
78	A	0	0	2	0	0	2	766
79	G	0	0	0	0	0	0	766
80	C	0	0	5	0	0	5	766
81	A	0	0	0	1	0	1	766
82	G	0	0	0	0	0	0	766
83	G	0	0	0	0	0	0	766
84	C	2	0	5	0	0	7	766
85	G	356	5	0	2	0	363	766
86	A	0	0	5	0	0	5	766
87	C	0	0	0	0	0	0	766
